Case #1: 4 3
o 1 1
+ 1 2
x 2 2
Case #2: 2 0
Case #3: 6 2
x 1 3
o 2 2
