Case #1: 2 2
Case #2: 1 0
Case #3: 0 0
Case #4: 0 0
Case #5: 3 2
Case #6: 1 0
Case #7: 0 0
