Case #1: 1 0
Case #2: 1 0
Case #3: 1 1
Case #4: 0 0
Case #5: 500 499
Case #6: 7812 7811
Case #7: 0 0
Case #8: 1 0
Case #9: 2 1
Case #10: 1 1
Case #11: 0 0
Case #12: 1 1
Case #13: 1 1
Case #14: 0 0
Case #15: 0 0
Case #16: 0 0
Case #17: 3 2
Case #18: 1 1
Case #19: 3906 3905
Case #20: 0 0
Case #21: 0 0
Case #22: 3 2
Case #23: 0 0
Case #24: 7812 7811
Case #25: 1 0
Case #26: 0 0
Case #27: 3905 3905
Case #28: 1 0
Case #29: 3906 3905
Case #30: 500000 499999
Case #31: 0 0
Case #32: 0 0
Case #33: 3 2
Case #34: 1 0
Case #35: 0 0
Case #36: 0 0
Case #37: 1 0
Case #38: 0 0
Case #39: 1 0
Case #40: 1 0
Case #41: 0 0
Case #42: 0 0
Case #43: 0 0
Case #44: 0 0
Case #45: 0 0
Case #46: 0 0
Case #47: 0 0
Case #48: 1 1
Case #49: 1 1
Case #50: 0 0
Case #51: 125000 124999
Case #52: 1 1
Case #53: 1 0
Case #54: 0 0
Case #55: 0 0
Case #56: 1 0
Case #57: 1 0
Case #58: 250000 249999
Case #59: 0 0
Case #60: 0 0
Case #61: 0 0
Case #62: 1 0
Case #63: 0 0
Case #64: 0 0
Case #65: 1 0
Case #66: 0 0
Case #67: 0 0
Case #68: 0 0
Case #69: 1 1
Case #70: 1 0
Case #71: 1 1
Case #72: 0 0
Case #73: 0 0
Case #74: 1 0
Case #75: 0 0
Case #76: 1 0
Case #77: 1 0
Case #78: 0 0
Case #79: 0 0
Case #80: 1953 1952
Case #81: 0 0
Case #82: 0 0
Case #83: 249999 249999
Case #84: 0 0
Case #85: 1 0
Case #86: 0 0
Case #87: 0 0
Case #88: 0 0
Case #89: 1 1
Case #90: 0 0
Case #91: 499999 499999
Case #92: 2 2
Case #93: 0 0
Case #94: 1 0
Case #95: 0 0
Case #96: 250000 249999
Case #97: 0 0
Case #98: 0 0
Case #99: 1 0
Case #100: 0 0
