Case #1: 1 0
Case #2: 1 0
Case #3: 1 1
Case #4: 0 0
Case #5: 500 499
Case #6: 0 0
Case #7: 0 0
Case #8: 1 1
Case #9: 3 3
Case #10: 1 1
Case #11: 0 0
Case #12: 0 0
Case #13: 0 0
Case #14: 1 0
Case #15: 0 0
Case #16: 0 0
Case #17: 0 0
Case #18: 0 0
Case #19: 0 0
Case #20: 0 0
Case #21: 0 0
Case #22: 0 0
Case #23: 1 1
Case #24: 7 6
Case #25: 0 0
Case #26: 0 0
Case #27: 1 0
Case #28: 1 0
Case #29: 7 6
Case #30: 1 1
Case #31: 3 2
Case #32: 2 1
Case #33: 1 1
Case #34: 0 0
Case #35: 250 249
Case #36: 1 0
Case #37: 1 0
Case #38: 0 0
Case #39: 0 0
Case #40: 0 0
Case #41: 1 0
Case #42: 0 0
Case #43: 0 0
Case #44: 0 0
Case #45: 1 0
Case #46: 0 0
Case #47: 1 0
Case #48: 0 0
Case #49: 0 0
Case #50: 250 249
Case #51: 1 1
Case #52: 0 0
Case #53: 3 3
Case #54: 0 0
Case #55: 0 0
Case #56: 3 3
Case #57: 1 0
Case #58: 2 2
Case #59: 0 0
Case #60: 0 0
Case #61: 0 0
Case #62: 1 0
Case #63: 0 0
Case #64: 1 0
Case #65: 249 249
Case #66: 1 0
Case #67: 0 0
Case #68: 0 0
Case #69: 0 0
Case #70: 1 1
Case #71: 0 0
Case #72: 1 0
Case #73: 3 2
Case #74: 0 0
Case #75: 3 2
Case #76: 0 0
Case #77: 1 0
Case #78: 1 0
Case #79: 0 0
Case #80: 0 0
Case #81: 0 0
Case #82: 0 0
Case #83: 0 0
Case #84: 0 0
Case #85: 1 1
Case #86: 0 0
Case #87: 1 0
Case #88: 3 2
Case #89: 1 0
Case #90: 0 0
Case #91: 3 3
Case #92: 0 0
Case #93: 0 0
Case #94: 1 0
Case #95: 1 0
Case #96: 1 1
Case #97: 499 499
Case #98: 0 0
Case #99: 125 124
Case #100: 0 0
