Case #1:
GGG
CCC
JJJ
Case #2:
CODE
JJAM
JJAM
Case #3:
CA
KE
Case #4:
CE
CE
CD
BD
AD
AD
Case #5:
GGBD
HHEI
CAFJ
Case #6:
CEAB
CFHI
CGJD
Case #7:
EFI
KGL
DJC
ABH
Case #8:
FFBE
CCCA
DDDD
Case #9:
AABB
CCDD
EEFF
Case #10:
FCC
EDD
EBA
EBA
Case #11:
BCC
DDD
FAA
EEE
Case #12:
BB
AA
Case #13:
BBF
DDD
CAA
EEE
Case #14:
ACCC
EEEE
BDDF
Case #15:
DCA
BEA
BFA
BFA
Case #16:
AAAA
BBBB
CCCC
Case #17:
FFE
FFA
CCB
DDD
Case #18:
BAC
Case #19:
B
A
Case #20:
BHJF
ALKI
CDGE
Case #21:
EBD
GAD
IFJ
CHH
Case #22:
CDA
FFF
BBB
EEE
Case #23:
ABG
DHE
CJI
CJF
Case #24:
AA
AA
Case #25:
CBB
EAA
FDD
FDD
Case #26:
DCEE
BCEE
ACEE
Case #27:
ADD
BBB
CEE
Case #28:
EBBB
ECCC
AAAD
Case #29:
BAD
EFD
ECD
ECD
Case #30:
ABB
CCC
EED
EEF
Case #31:
ABCD
ABCD
ABCD
Case #32:
ADEE
BFEE
BCEE
Case #33:
DDE
AAB
AAC
AAC
Case #34:
AB
Case #35:
BBAC
EEAD
EEAD
Case #36:
DBEE
FCEE
FAEE
Case #37:
CHDE
GIKA
FBJA
Case #38:
CIG
HAD
EFD
BBD
Case #39:
CHDE
BGFE
JIAE
Case #40:
CHE
CAJ
CDG
FBI
Case #41:
BD
AC
Case #42:
BBBB
AAAA
Case #43:
AAAA
BBBB
CCCC
Case #44:
ABBCCDDEEFFF
Case #45:
CBB
CBB
EEE
DAF
Case #46:
DAAA
DCCC
BEEE
Case #47:
BBAA
BBDD
CEEE
Case #48:
ADEE
BCCC
BCCC
Case #49:
AEC
BDF
Case #50:
AAC
BBC
Case #51:
ABB
CCC
DEE
FFF
Case #52:
DCC
DFF
DEE
BAA
Case #53:
CDB
AAB
FFB
EEB
Case #54:
AAAA
BBBB
CCCC
Case #55:
CEJA
IKGF
IBHD
Case #56:
EFF
BBB
CCA
DDA
Case #57:
ABC
DDD
EEE
Case #58:
EAD
EAD
EFC
EBC
Case #59:
AAA
Case #60:
EEAA
EEDD
EECB
Case #61:
AA
Case #62:
AAAA
BBBB
CCCC
Case #63:
DCBB
AAAA
EEEE
Case #64:
DEE
DCC
ABB
AFF
Case #65:
CCJJ
CCJJ
CCJJ
Case #66:
FAEB
HGCC
DDCC
Case #67:
AA
BB
CC
DD
EE
FF
Case #68:
ABCD
ABCD
ABCD
Case #69:
ABBCCC
DDEEFF
Case #70:
AAA
AAA
Case #71:
AEED
BCCD
BCCD
Case #72:
ABCD
ABCD
ABCD
Case #73:
CAB
EAD
Case #74:
GHAE
LCJB
DKIF
Case #75:
AABC
AAED
IFGH
Case #76:
CEEE
CBBB
CDDA
Case #77:
BCF
ADE
ADE
ADE
Case #78:
CDB
AAB
Case #79:
CEEE
CDDD
AAAB
Case #80:
BEEE
DEEE
ACCC
Case #81:
AAA
BBB
Case #82:
FEE
BBB
DAA
CCC
Case #83:
CDB
FFB
AAE
AAE
Case #84:
CEBB
AABB
AADD
Case #85:
A
B
B
C
C
D
D
E
E
F
F
F
Case #86:
CFD
CID
EHJ
AGB
Case #87:
FCB
FIH
FED
FAG
Case #88:
BA
CC
Case #89:
BDCC
BDAA
EEAA
Case #90:
BJD
CHI
EGL
FKA
Case #91:
CJI
KLG
HDB
AEF
Case #92:
A
Case #93:
ECD
ABB
ABB
ABB
Case #94:
CDDE
CDDE
BAAE
Case #95:
BGLK
DJEF
HCAI
Case #96:
DEE
DEE
DBB
DCA
Case #97:
AA
AA
BB
BB
Case #98:
BAA
Case #99:
A
A
Case #100:
JKAH
CGEB
CIDF
