...OOO.O...O...O...O....O......O...O..................OO.O....O......OO..O....O..............O......OO......OOOOO.O........O...O...O.......O.....OOO.O.......O..........O...........O...O..O......O
...............OO.O.................O.O...............O...............................O...O.........O.O.....OO.O..................................O..................O.OO...................O......
...........O...OOO...O.O..............O....O..........OO......O...........................O........O............O....O.....O................................OO.........................O...O.......
.......O........O.........O.....O...............O....OO........OO..........................O......O..............O........OOO......OO.........................O......O.........O.......OO......O.O.
.................................................O...OO...OO............O..O...............O...........OO.........OO.OO...OOO...O.OOO......O............O..............................O..........O
............................OOO.........O.........O......O..................OO..O.................................O........O...O...OO....................O.....................................O.OO
...O....................O....OO........O.O...........O........O..O...O..O..O.O...O..............O.........................O.....O..............OO..O......O........O......OO.......O...........OOOO
...........................................O.....................O...............O.............OOOO..O...O...............................O.O.OO....OO..................OO.....O.....O.O...O......OO
...O.........O........O....O..........OO....O.O.................OO.............................OOOOO......OO...........O................O.........O............O.O.O..............................O
............O....OO..O..O.O.OO.O...........OOO.OOO.......OO.......O.........................O...OOO......O.O...O.......................................O.OO.O.O....OO...............O.O..........OO
.................O.OO....O..........O.....OOO...O.....O.OOOO.......O.O...O.......................O.O....O.........................................O.................OO...............O...........O.
....................O..........O....OO....OOOO.O.........O.........OO...O..........O.....................O..............OOO........................OO.OO......O.OO................O.O........O.....
..O...........O..........O......O........OOOOO.O........O.........OO............O.O..........OO.........OOO..............O.........O.....O.......................OO....O.O.........O.....O....O....
.OOOOO.O.....OOO.........................O.O...........O.........OO.....O......O...O.......................O.O..O....O..............O....................O.O..O........OO.....O..........O.........
.OOO.........O............O..........O............O...O..................O..........................OO........OO.OO...OO................................O..............O...........................
..O.......O.......................O.O............OOO..OO.....OO.....O..........................O.O......O..O..O......O.O....O..............................O.O..........O.......O..O...............
......................O............OO........O....OO...O.....O....................O....OO.OO......O....OOOOO.....O.........OO.......O.......................O..........O.........................O.
...................................O....O....O.....OO.O.....OOO.............O....OO....OO.........O....O.OO........................OOOO..OO..................O..................................OOO
...................O.....O.........OO................O.......O.....O...................O.......O.O.................................OO....OOOO.O......O...O..........O.......OO.................OOOO
..................O......OO....O................O..................O.............OO.........O.............O..........O.......OO............O.OOO................O...........OOO.OO...........OOOO..
.........O.........O....OOOO...................OOOOO.O.......O....................O.........OO..................OO...........OOO......O.......OOOO.O.....O.......OO....O.........O............O....
..OO.........O....OO...OO.O.............O.......OOO.OO.......O...........O.......O..........O.............O.......O...........O......OO.......OOO.......O.......OO....OO.............O.......O.....
...O...................O.........................O...O..................OOO.....OO....OOO.................OO............O.............O................OO......OO.O....OO...O.O...............O....
....O......................................O..........O.O....O........OOOOOO..........OO.O....O.....O....OO.....O.O..........O............OO...........OOO..O.OO.............................OO....
O..O....O.......OOO...............O.......O...O..........O............O...O......O....O.......O....OO....OO......OO.......................O...........O..O.............................O...........
.......O...O....OO............O..OOO...........O.O.O...........O..............O..O................................O.........OO....OO.....O.............................O.....O.....................
..................O.....OOO.......O.............O...O.........O....O..O...............O.........OO.....O....................O......OO.........................O.......OOO.O............O.........O.
...O.................O...OOO.....O.O.......O...................O.................................O............O.O..O.O.............O....O.............O.O..........O...O.........O.........O.......
..O...O..O....O.O..........O................O.O.O.........O.................O................................O....................O................O.O...O......................O...O............O.
..O.......O........................O...........OOO.............O...........O.........................OOO.............O...O...................OO.O.....O........O................O.......O.....O.O..
......O....O......................OO.....O......O......O......O................OO..O.................OO............O.OO.......O.............................O..................O...................
............O..............O.O...OOOO..............................OO......O............O.........O...............O...O....O.............................O.....................OO.O.....O.........O
....O.OO........O.....O.......O..OOOO....O.............................O.....O.O.....................OO..........OOO.O...................................O...............O....OOOOO.....O..........
...............O.....O.............O....O....OO.O..OO.OO........O.....OO......O.........O............O...................O...............O...O..............O...................O...............O.O
...OO.OO..........O.........O..........O......OOO...OO.OO............O...................O................O.OO.......OO.OO.O.........O....O...........O.....OOO..................................O.
...OOOO.OO..............................O......O...OO...OO.O..........................O...O..............OO.OO........OOO............O...............O.............O....................O..........
O.O.O....O.....O.....O.............O...OO................OOOO.......OO.O........OO...O....OO.................O.........O......................O......O...........O.O...............................
.O......O.........O...OO....O.....O................O..O.................O............O.........O..OO...............O..............OO.O.............................................................
....O...OO.O......O...O....OO...OO.O............O....................O..............O..........O.OO................O........O......OO........................OO.........O.....O.OO............O...O
...O.....OO...O....O.OO....................O.O........O.O....O....O...O.......OO....O.................OO.......O..O...O..O.OOOO...OOO.........................O................................O.OO
........O.O........OOO........O.OO......O.O..........OOO..........O...O.......OO.................OO....OO............OO.....O.O....OOO........O......O....................O...................OOOOO
.......O...O..........O.......OOO..................O.OO.O.........................................O..................O.............O.OOO.....O.............................O.......O....O.....OOOOO
......O.O.OOO.O................O.........................O.O.OO..................................O.O.O..............OO................O....................................OO.......OO.OO.....O.O.O
.........OOO..........O............................O.....OOOOO..............................O.O......O..........O...O.O.O....O.....O.......O.........................................OOOO....O.....
......O.O.OO........OO.........O.O..O....O............O...OOO.....O........................O.................................OO.O...........O.................O........O............OOO.....O...O..
.....O.O...O....OO...OO........O..O..O..O............OO....OOO..........O...O.....O....OO.O........O.O.......................O........OO........O....O.................OOO...................O.O...
........O.O.........OO....O...........OO........O....O....OO.................O.......................................................................O........O.........OO....O...O................
.......OOO..........OOO...OOO.....O.....O....O.O.O........................O.......O.......O......O.........O..............O...........................O.................O.........OOO..............
O..O....O......O....OO.....OO.....................O........O.O....OO...O.O.........O.....OO.....O.............OO.........OO.O...........O.O............O...........................OOO.....O.......
.OOOO......O........O.............O..................O........O...O....OO.......O.O.....................OO.....O......................................O.....................O.......O..............
...O........O..........O.......O.........................O............OOO......O............OO...........O....O.....OO.O..............................OO...................OOO...........O.........
............OO..........O.....OOO.............O.O.................O....O...O...........O...OOOO.......O.....................................O...O....OO..........O.O....................OOO.......O
O...O........OOO................O...O........O.O.....O............O................O.O..O.OOOO...O..................O......................O.........OOO..O.....O.....O.................OO.........
OO...O..O....O..O.......O....................................O..................O..OO....OO.O.O..OO...O..OO.........OO............O.......O.........OOO......O.O.......................OO.......O.O
............O...........OO.O...............O........OO...O....OO.........O.....O.........O.........O...OOO.O....O....O.....................O........OO.O....OO..................O..O........O......
...O........OO..O...........O.........O...O.........OO.........O........................O.....O.....................OO.................O..OOOO.O..........OO.............O.....O.OOO.......O......O
...OO........OO............................O.....O.OOO........OO.................O...........OO....O..............OOO........O.........O..OO........O.............O...........O...O................
O..OO..............O..................O...O...O.OOOOOO........O...........O.............O....OOO....O....O.O....O.O.........O.......O..........O..OO..............................O....O..........O
O......................O.O...........O.........OOOOOOO...................O...............O..O.OOO.......OO.OO.............................O....OOO......................O.........O..............O.
O.......O.O....................O..................O.........O..........OOO..........OO...O.....O.......O..........O...........................OOO....O............O.............................O..
OO......OO.....OO......O.................................O.............OO...........O...O.O...O.O..O..............OO........................O..OO.....O.....OO...O.O......OO...........O...........
O......OO.O...OO....O..........O.......O................O.........O.O.O.OO.......................OO....O...........O....OO.OO.........................O.....OO........O....O....................O..
O......O...O...OO..................................O..OO...................O.O....................O................O...O.O..OO.O...................O...O...........O.....................OO.....O.O
............O...O.............O.........................O........O....................O..OO......O...............................O................O............................O.....O..OO.........
O................O............OO..........O.......O........O.O..........O.............OOO.OO....O............................O..........OO.......O...O..............................O...OO.........
O......O....O..................O...O......OO...............O.........................OOO..................O..............O.............................................O...........................
......O.....................O.................OO...............O..O...O..........O.O.OOO..........O........................O................O...........O.O..........OOOOO.........................
.......O....O.......OO.........................OO............OO...O........O....OOO....O.........O............O.....................................O..O..O.........OOO..OO....................O...
........OO....O....OO.O.........O...............OOO............O.O.O.OO.....O...O.O.....O.O....................O.....O.O............O....O.......O.OOOO............OOO........O................OO..
.........OO...............O.O......O................................O........O.O........OO.O.............O............O...........OOO...........O...O..O........O.O.O....O..OO.................OO.O
....O......O.............O.........OOO.....................O.......O......O..................OOO...O..O......O.O.....O....O.........OO...........................O......O...O.................OO...
...OO...................OOO.O.....................OO.....................O...O....O.O....O.....OO..O.........OOOOO.OOO...............O...........................OO..................O...O....OO...
...OOO.............OO...O.OO.......................O.......O......................OOOO..............O........OOOOO..O................OO.....O.O...O..............O....................O...O.....O..
....OO...O...O.............OO.OOO.......O.O.......OO.......O........................O.......OO......OO.......O.OO.....................OO...OOO....OO.O...........................O.....O.O.........
........O.O...O............OOOO.OO.O...O..............OO....................................OO...........O.............O...........O.OO.....OO...OO.............................OO.................
............................OO.....................O.O.OO...........................OO...................O.................O.......O..O..O.OO...........................OO.......O.................
..........O..........O.......O......O...............O.......................O.......O.....................O................O.............O.OO....O......................OO......O......O.........O.
...........O.O......O........OO.OO.............O....O.........O....O.O......OOOO.........OO..............O...........O............O...................O......O.......O...........O......O......OOOO
...O......OOO......OOO........................OO..................OOOO.......OOOO...O.....OO...O............O.O.............................O................OO.O...........O..........O.........OO
..........O.OO......OOO...O..............O......O..OO...........O.O...O.......OO............O.................O...O.........................OOOO.......O.....O.....................O..O...........O
...............OO.....O......O.O.....................O........OO.......O.......OO......................................O......O.............OO.OO.......OO....O................O.......O...........
................OO..........................................OOO.......O........................................................OO.O....................OOOO....O..................OO....O.....O...O
......O..........O.......................O..................OOOO.......O.............O.......OOO.O.........................O...O.O....O.....OO........OOOO................O....O.OOO....OO.........
.......O......O.O..........................O...........O.....OO....OO..OO.............O.....OOO...O.............O..........OO................O..........OOO..O..................O..................
.O.....OO.....................OO...............O.O......O..........O.............O.....O.....O.......................O......O....O....OO......O..........OO.........O..O........................O..
.......O.O.....................O............O...O........O.........OO.................O.............................O.......O.....O.O.O.O......O..O.......O............OO..O...........O...........
.O.....................................O...O.O.O.....O............OO....O......O...O..O..................O.....O.........O...........................O.O...O.O......O.O...OO.........OO............
.O.....O................O..........O..........................O....O..OOOO......O.O......................O......OO....O.O...O...............O................O.............O..........O...........O
....O...................OO.............O.O.....................O.......O........OO.............O................O.....O.OO.OO.......OO.O.......................................O.......O.O.......OO
....O..........O.....................OOOO..............O........OO................O..O..........O..........................O.O.O...OO..........O.......O.....O.....O..........O.........O.........O
..........O.O............O..O.O..O....O............................................OOO...........OO.................................................................O....................O.O......O
.........O...................OO...O.........OO.O.......O.O......OO...O....O.........OOO..............O.........O...............................O.......O.................O....O............O.....OO
.........O.........OO............OO.....O.....O.............O.O..OO.................O.O.......................O......O.........O............O.OO...O...........O........OOO......................OO
.................OO..............O.O....O........O.OOO.O........................O...............O.O...........O....................OOO......O.O....OO....................O.O............O.........O
...O..........................O......O.O...O........O...O.....O......OO.OO.....OOO..O..........................................O..OOOOOO....................................................O....O.
......O..................O............OO...............O.......O.......OOOO.....O......................OO................O.O.......OOO......O.........................O..O.O.......................
O.O...O.............O..................OO.......O.......................OOO....O....O...O.O.........O.OOO..........O................................O...................O.O.O...............O...O..
.O.....................O...................OO..O...............O....O...OOO.......OO..............OO...O..............OO....O.OO...................O....OO.O...O.O................O..........OOO...
......................O................OO.O.OO...........O......O........O........O................OO..................OO.....O....O.O..........O.O....O.OO.................O....OOO.........O.....
..O.........O..OO.O.......O.O......OO.OOOO............................................O.............OO....O...........OOOOO....................OOO.........................O.OO....O........O.....O
...........O...OOO.O..OO.OO.......OO...OOOO.................O.O...........O.O......................................O....OO.....................OO............OO...............O............OOO..O.O
O.O.O.O.........O...OO............O.O.OO.O.................O.....O....................O.........O..................OO................O..........O.......O...OO..........O..............O.OOOO......
O....O...........O.O............................O..O............O....O.OO.............O...........................OO.OO.............O.O.O...................OOO...........................OOO......
.................OO.................O........O......O....O.O....O...O.OOO..........O.OOO..............................OO........O......O............O......OOO.OOO...........O.O.........OOO.......
.........O.O..O...O.......O.O......................O.O....OOO....O.O..................O.....O......................O............O.....O............O....O...O...O.....O.O...........OO...O.........
..........OO...O.O...O...O.....................O..........OO......O..................O......O..............OO.O..............O.OOO.....O.......................O.......O.........O..OOO............
......O.......OOOO................OO.......O.OO...OO...O...O.......O.....OO......O.............O.O........O..O..................OO....O.....................O.O.....O................O.....O...O...
...O.O.OO.....OOO....OO.....................OO........O...OOO...O.O.O............O..............O...............O...O................O......O.OOOO..........OO............OO........OO.........O...
................OO....OO................O............O.....O................O...O.O..O..........................OOO.OO.............OO....O.OO.O.O............O....O..O.O.OO.............O..........
O......................OO...............O.......O.........O................OO...........................O........O...OO...........OO....OO.O.....O.O.............O.....OOO..........O..............
.............OO.................................O...O.................................O.......O.O........O.......................OOO....O...O.....O....O....OO..O.......O...............O..........
........................................O..O.O.OOO...O................O........................OOO.O....O........O................O......O.........O..O................................O.....O..OO.
.........O..........O............O......OO..........OO.........O.......O............O....O.O..OOOOO........O.....OO.....OO.....O....................OO.O...........................O...O...........
....................O..............O.................OO.........O.....O.O...........O.........O..O........O.....O..OO.........O.........................O................O........O.............O..
OO.......O.......O......................O..............O.......O...............O.............O....O.................O........O...................OO.....O..O.O...........O.........O..........OO...
O...............O...........................O.....O.....O.....O.O............................OO..O.O..OO..O.O......O....O.....O.................O...O......O.O........O.............OO.......OO....
OO....................O....................................O.O....................O..........OOOO......O.OO.....O..O.........O..........OO.O.........OO................O...........OO..............
O.....................O.....................................OOO................O.O.O.....O....OO....................O.....................O.O.O.O..................................O.......O.....O.
OO.......O.OO.O......O....O.............O....................OO...............O.........OOO....O...OO........O..................................................O..........O......OOO...O.........O
OO.......O.O.O.......O....................O..............OO.OO...............O.O.O.......OO...OOO...OO........O.........................O..........O..................O.........OO.O....O....OO...O
OO............O......OO..OO........OO.......O.............OOOOO.......O....O....O........O......O...OOO..............O..O........O.........................O.O...........O......O........O....OO...
................O.....OOO.O......OO.............O....O....O.OO......OOOO............................OOO..........OO.O....O..............................................OO...............O........O
...O.O...............OOO...O.O......................O........O.......O.OO............................O.O...O....OOOO....O.O...........O.O.O.....................O........O.........................
.........O.O....O.....O.....O....O......................O...O.......O.......................................O...OOO.....................................................O................OO........
................O........O..............O.O....OO.O..................................O.........O................OO...........O.......OO.O.O..................O...........O.....O......O..O.........
....................................O.OO.......O.....O....................O....O............................O........O.....O.OO.......O....O.........O.OO........O...O..OO............O............
.....OO.O......................OO....O.OO...........OOOO.................OO.......................O.O.......O......OO......................................O....O.......O............OO............
.....O................O........O............O........OOO....O.OO..............................O...OOOO............OO.....O.................................O.....O...................O.....O..O....
....OOO....O..........O.................O.OO.OO........OO....OO.O.............................O....OOO.................O................O.O.........O......O....O....................OO........O...
.....O............................OO....O.O...........................O.O............OO.............O.............................O.O........O.....O......................O.........OOO.OO.O.......
O....O............................O..........O.......O.......O....OO.....OO........O..OO..O........OOO....O......................O...O........O..OOO.......................O....O....O.........O...
OO.................OO..O.....O...................O..O.....OOO...........OO....O...O.....O.O.........O......O..O.................O.....O...........O.........................O...................O..
O...................O.......................OO.............OOO....OO.....OO.......O...........................O.........O...OO.O.................O.O.O............O.....O..O.......................
.....O..............O......O.................OOO.......O....O......O.O....O...........O.O.O................O.O...........O.OOO......................OO.........OOOOO....OO.............O.......OO..
......O.....................OO.....O..........O........O....OO...........OO...O...O...OO................O...OO..OO........O.O....OO...........O....O....O.....................O...............OO...
............O......O........OOO....O....................O...OO........O...OO......O...OO....O........O.......................O....O....O.................O...O...........................OO..O....O
....O............OO..........OO.....O.............O......O...............OOOO....O.O.OOO.....O.......O.......................O.....O.OOO....O.........O.OO...O...........OO..OO.......O.O...O.....O
....O.........O......O...OO.O........OOO..............O.O.........OO.O.....OO..........O.............OO.O.O.......O..O......OOO.O...O.OO...............OO...O.............OOOOOO......O......O.....
..............O......O...OOO........O.OO........O.O....O.......................O...........O..........OOO.OO..O...........O.O....O.O........O..........OO....................OOO..................O
..............O..................O.........O...........O...............O...O..O.............OO....................O.............OOO.........OO.....O..OO.........O............O.....O.O......O..O.O
O...............................OOO.......O.......................O...OO...........O........O................OO...........O.............O...OO....................O.....O....OO....O...............
............O.O.............O...O.O...O....O....................OOO...O....................O...OO........O..O....OO...................................O..O.....O.O.....O.O......................O..
..O...........OO...OOO.O.............................O...........O.................O......O....O.....O...........O.O.........O...................OO..........O.O......O............O.............O.
.....OOO.......O....OO..O....................OO.......O..........O................OOO.....OO.................................O....O.O....O...............................OO.....................O..
.......O.......O..........................................................O....O.OOOO.......OO....O.......................O.O...........O........................................O.................
................O.............O..............OO..........O....OO.........OO.......OOOO..O....OO..OO...........O................O........OO.......................................OO.OO......O.O....
...........OO..OOO...........................O...............OO...............OO...O.O....O.............O.....O..............................................O.....OO.....O.....OOOO.O...OO.OO.....
O..........O.OOO..................................OO.....O...O................O.O.O.................O..........O.O..................................................O....O......OOO..........O...O.
..............O......................O.......O.O.OO...........O........O.........O......O....OO.....OO............O...O......O.O........O.....OO..........O..........O.......O.......O...........OO
...............O............O...............O...O.OO.....O....O.........O.......O.......O...OOO.O....OO....................OO...........O......O....................O...........................OOO
...............O...........OOO...O.................O.........O..........OO............................OO...OO.......................O..........O..O....O.....................O....O...............O
............................OO......................O........OO........OOO......................O......O.......O..................................O.O............OO.......O..........O.....OO......
......O............O....O...................O...........................OO.................................OO...O.......O......O..............O..............................O....O.O.......OO.....
O...........................OO...........O....................O...........................................OO...........O..........................O.....OO........O.......O...O....OOO......O......
.O.O....O...............................OO.....................O..............O.O......O...O....O.....O...OO..........O...O...........O..........OO...OOO.........................OO..OO...........
..OOO..........O.O.............OO.OO....O......O...O............O......O.....OOO............O........O....O....O.....OO..O...O..O........O.......OOO..O.OO.O.O....O..O.O...........................
.O.O.............OO.O..........OOOOO...............OO.....O......O...........OO........OO..O...................O.....O...........O.O...............O..........O.O.....O.O....O..O..................
......O.....O.....O...........OOOO.OO......O........O.............O...................O..OO................................................O...................O.........O......OO.O...............
...........O...............OOO.O....OOO............O.......................O..............OO.......O......................O....................OO.............O....O....OO.O.....................O.
..........O.O..............O..........OO..............O...........O.......................OO.O......OO..........O..........OO.............O.....OO............OO....O............O.......O.......OO
.......O......O.................................O..O..............O.....O....O................OO.....O....O................O..O...............................OOO.......O....O.......O....O...O....
.......OO...............OO.....................O...................O.........O...O.O....O..............................OO.O....OOO.O.................O.........O....O..........................O...
........O...............OO.........O...........OO...O...OO..O.....O.........O...O...O...................................OO......OOO.......O...............O.........O....O..OO.....................
.........O.O..O.O...OO..O..........O.................O....OOO..............O....OO.OOO.........OO......O................O.O......OOO......................O..................O.O....O.O....O......O
..........O.....O...................O................O.....O...............O........OO..........OO...OOO...O...............O....OOO......O.........O......OO....O.....O.........O.........OOOO.....
..O..............................O.O.O..........OO..O......OO........................O...O.......OO.OO..O.O................O....O.......O..........O.......OO....O.......O..............OO.OO......
...O.........O...........OO...........OO.........OO....O..O.........................OOO............OO....O..............O.O............O..................O.......O.O.....O.........O..............
............O......O......O.....................OO....OOOO...............O......O....O.O......O..........................OOO.....................................OOOO..............OOO.............
...............O...OO..........O...O..O..........OO.....O.........O.....O....................OO................O.........O..O....O....O.........................OOO...............O.O........O.....
................................O.OOO.............O............O...O..O.O..............O.....O........O....O...O................OOO..................OOO..O...OOO........O......OO...O........O....
.O.......O.........................O.........O................O....OOO......O.....O..........O......O..........................OO.......O....OO........OOO...OO.........OO......O..............O...
.O..........O...O.........OO........O..O.O.OO....O.....O............OO...................OO...O....O.......O.........O........................O.O.......OOO.OO...........O.........O..........OOO.O
....O......O...OO...................OOO.....OO........OO...........OOO...................OO....OO.O...OO..O........................O.....................OOOO.............O.......O.O...........OO.
..............O.O..............O.O....O.....O......................O..O..............O..OO......O.O...O....O.OO...OO..O......O...............O..O........O..O....................O.........O.......
O.............................OO.O.........O.O..................................O........O..................O.OO...O....................O.......OO.O.........................O...OO.......O.....O..
.O.O......O.................O............OO...O.O...............O.........O.............O.........................O......O...................O.....................O........O...OOO...O............
..O........OO...O.........O..............OO..........OO............O.......O............O.....O.O...........O.O...........O.O...................O......................O........OOO................
.O........OO.........OO.........................O......OO...........O...O.O...................OOO.OO.....................OOOO.....O..........O.OO..O...............O............OO.................
O.O.O.......O.........O.........................O.......OO...............OO.....O..........O.......O...O................OOOO.....O..........OOOO............O.....OO............OOO.......O........
...OO...O....O...................O.OO..O................O...........................O.................OO.O..O.........OOO.OOO.....O.....OO.OO.O......O.................OOO.O......OOO....OO........
.......O.OO.O.......O..O............OO.................O...O.....O.O.................O............O..O.......OO........O...O..........OOO.............O..............OOO.OO...............O........
...........OOO.....OO...............O.....O.O......O..OO......O........O..............O.......OOOO.......O....O.........O...O......O..OO.O..O....O....................O................O...O..O....
............OOOO....O......OO........O...OO.........OO.OO........O....O........O......OO......O.O....O.............O.O......OOOO.............O....O..............O...OO.........O...O..............
............OOO............OO...........OO..........O...OO.............O.O...................O...............................O.OO..O.....O....O..O..........O.O.O....O...............O.O...........
..O...O....OOO...............O..........OO.............OO.....................OO......O...O.O........O....O.............O.................OO......O....O.....OOO....O.............O....O....O.....O
.....O......OO......O...OO.........O.....OO..............O.....................OO......O.OOO..........O..........O.....O.............OO..OOO......O...............................O................
.....O.......O...........O................O...............O........OO..........O..........O.O..........O.....................O.......O..O.O......O.......................O.....O.......O....O......
....................OO...O.........................OO...............O....O.O..OO................O...O...............O...........................OOO.O.....................O....O.....OO....O....O..
.....O.O..O.......OOO....O....O.........O.........OOOO......OO........................O............O......O..........O..OO...................O....O.OOO..........OO............O.....O.....O...O...
......OO.O.....OO.O.......O...OO.......O.............O......OOO................O......O...................................O..O.......................O...........OOO..............O...O...O........
.O...OO........O..........O...OO.............................O.....O.........................OO.........O..................O..........................O...........OO...................O...........
.O...OO..O........O.......O...OOO.........................O...O..........O.....O.........O..O.OO.....O...O.O..............O.....O.......O....O.......O.....O......OO...............................
.........O.....................OOO.O....OO................OO.OOO...O................O...........O....O..........................O...........O............OO......OO.....O..........................
........O.......O....O........O.OOO.....O.....OO.....O...OO...OOO.............O.....................O.............O..O......................O...O........OO............O...........................
OO...........................O...OO..........O...........O.................................O.............O..............O.......O................................................O........O........
OOO..................O..O............O..............................OOO.O.................OOOOO..O....O.O.....O.........O.....OO.........O...............................O.....OO...O.............O
OO...O....O.........O.............O.............O......O.............OOOO...........OO.....OOOOOO....OOOO....OOOOO.........O.OOO...............O.O..........OO....OO.....O...OOO.............O...OO
