Case #1: 3
Case #2: 0
Case #3: IMPOSSIBLE
Case #4: 2
Case #5: IMPOSSIBLE
Case #6: 0
Case #7: IMPOSSIBLE
Case #8: IMPOSSIBLE
Case #9: IMPOSSIBLE
Case #10: IMPOSSIBLE
Case #11: IMPOSSIBLE
Case #12: 5
Case #13: 3
Case #14: 1
Case #15: IMPOSSIBLE
Case #16: 1
Case #17: IMPOSSIBLE
Case #18: IMPOSSIBLE
Case #19: IMPOSSIBLE
Case #20: IMPOSSIBLE
Case #21: IMPOSSIBLE
Case #22: IMPOSSIBLE
Case #23: IMPOSSIBLE
Case #24: 2
Case #25: 9
Case #26: IMPOSSIBLE
Case #27: 0
Case #28: 2
Case #29: 2
Case #30: IMPOSSIBLE
Case #31: 3
Case #32: IMPOSSIBLE
Case #33: IMPOSSIBLE
Case #34: 1
Case #35: 2
Case #36: IMPOSSIBLE
Case #37: IMPOSSIBLE
Case #38: 1
Case #39: IMPOSSIBLE
Case #40: IMPOSSIBLE
Case #41: IMPOSSIBLE
Case #42: IMPOSSIBLE
Case #43: 3
Case #44: 1
Case #45: 2
Case #46: IMPOSSIBLE
Case #47: 1
Case #48: 1
Case #49: IMPOSSIBLE
Case #50: IMPOSSIBLE
Case #51: IMPOSSIBLE
Case #52: 2
Case #53: IMPOSSIBLE
Case #54: IMPOSSIBLE
Case #55: 0
Case #56: 5
Case #57: IMPOSSIBLE
Case #58: 3
Case #59: IMPOSSIBLE
Case #60: IMPOSSIBLE
Case #61: 5
Case #62: IMPOSSIBLE
Case #63: IMPOSSIBLE
Case #64: 8
Case #65: IMPOSSIBLE
Case #66: 1
Case #67: 4
Case #68: IMPOSSIBLE
Case #69: IMPOSSIBLE
Case #70: IMPOSSIBLE
Case #71: IMPOSSIBLE
Case #72: IMPOSSIBLE
Case #73: IMPOSSIBLE
Case #74: IMPOSSIBLE
Case #75: 2
Case #76: 0
Case #77: IMPOSSIBLE
Case #78: 1
Case #79: 3
Case #80: 2
Case #81: 0
Case #82: IMPOSSIBLE
Case #83: IMPOSSIBLE
Case #84: 1
Case #85: IMPOSSIBLE
Case #86: IMPOSSIBLE
Case #87: 1
Case #88: IMPOSSIBLE
Case #89: IMPOSSIBLE
Case #90: 1
Case #91: IMPOSSIBLE
Case #92: 0
Case #93: 2
Case #94: 2
Case #95: 0
Case #96: 1
Case #97: 2
Case #98: IMPOSSIBLE
Case #99: 0
Case #100: 2
